src/components/ErrorBoundary.tsx(57,26): error TS2591: Cannot find name 'process'. Do you need to install type definitions for node? Try `npm i --save-dev @types/node` and then add 'node' to the types field in your tsconfig.
src/components/ProtectedRoute.tsx(1,1): error TS6133: 'React' is declared but its value is never read.
